// Jest Snapshot v1, https://goo.gl/fbAQLP

exports[`Given a Character Component When it is rendered Then screen should match the snapshot 1`] = `
<RCTSafeAreaView
  emulateUnlessSupported={true}
  style={
    Object {
      "alignItems": "center",
      "backgroundColor": "#262155",
      "flex": 1,
      "justifyContent": "center",
    }
  }
>
  <Text
    style={
      Object {
        "color": "#fff",
        "fontSize": 50,
        "marginBottom": 30,
        "textAlign": "center",
      }
    }
  >
     
    00
     
    :
     
    00
     
    :
     
    00
     
  </Text>
  <View
    style={
      Object {
        "display": "flex",
        "flexDirection": "row",
        "height": 150,
        "justifyContent": "space-around",
        "width": 300,
      }
    }
  >
    <View
      accessible={true}
      collapsable={false}
      focusable={true}
      nativeID="animatedComponent"
      onClick={[Function]}
      onResponderGrant={[Function]}
      onResponderMove={[Function]}
      onResponderRelease={[Function]}
      onResponderTerminate={[Function]}
      onResponderTerminationRequest={[Function]}
      onStartShouldSetResponder={[Function]}
      style={
        Object {
          "alignItems": "center",
          "backgroundColor": "#FD9F32",
          "borderRadius": 50,
          "display": "flex",
          "height": 100,
          "justifyContent": "center",
          "opacity": 1,
          "width": 100,
        }
      }
    >
      <Text
        style={
          Object {
            "color": "#262155",
            "fontSize": 80,
            "textAlign": "center",
          }
        }
      >
        ▶
      </Text>
    </View>
    <View
      accessible={true}
      collapsable={false}
      focusable={true}
      nativeID="animatedComponent"
      onClick={[Function]}
      onResponderGrant={[Function]}
      onResponderMove={[Function]}
      onResponderRelease={[Function]}
      onResponderTerminate={[Function]}
      onResponderTerminationRequest={[Function]}
      onStartShouldSetResponder={[Function]}
      style={
        Object {
          "alignItems": "center",
          "backgroundColor": "#FD9F32",
          "borderRadius": 50,
          "display": "flex",
          "height": 100,
          "justifyContent": "center",
          "opacity": 1,
          "width": 100,
        }
      }
    >
      <Text
        style={
          Object {
            "color": "#262155",
            "fontSize": 80,
            "textAlign": "center",
          }
        }
      >
        ■
      </Text>
    </View>
  </View>
  <RCTScrollView
    bounces={false}
    showsVerticalScrollIndicator={false}
    style={
      Object {
        "backgroundColor": "#262155",
      }
    }
  >
    <View />
  </RCTScrollView>
</RCTSafeAreaView>
`;
