// Jest Snapshot v1, https://goo.gl/fbAQLP

exports[`Given a Character Component When it is rendered Then screen should match the snapshot 1`] = `
<RCTSafeAreaView
  emulateUnlessSupported={true}
  style={
    Object {
      "alignItems": "center",
      "backgroundColor": "rgba(235,255,254,1)",
      "display": "flex",
      "flex": 1,
      "height": 700,
    }
  }
/>
`;
